// Jest Snapshot v1, https://goo.gl/fbAQLP

exports[`Counter decreases correctly 1`] = `
<div>
  <h1>
    운터
  </h1>
  <h2>
    1
  </h2>
  <button
    onClick={[Function]}
  >
    +
  </button>
  <button
    onClick={[Function]}
  >
    -
  </button>
</div>
`;

exports[`Counter increases correctly 1`] = `
<div>
  <h1>
    운터
  </h1>
  <h2>
    2
  </h2>
  <button
    onClick={[Function]}
  >
    +
  </button>
  <button
    onClick={[Function]}
  >
    -
  </button>
</div>
`;

exports[`Counter matches snapshot 1`] = `
<div>
  <h1>
    운터
  </h1>
  <h2>
    1
  </h2>
  <button
    onClick={[Function]}
  >
    +
  </button>
  <button
    onClick={[Function]}
  >
    -
  </button>
</div>
`;
