// Jest Snapshot v1, https://goo.gl/fbAQLP

exports[`NameList matches snapshot 1`] = `
<ul>
  <li>
    abel
  </li>
  <li>
    의성
  </li>
</ul>
`;
